/etc
/etc/cron.d
/etc/cron.hourly
/etc/cron.daily
/etc/cron.weekly
/etc/cron.monthly
/etc/snmp
/etc/logrotate.d
/etc/rc.d
/etc/rc.d/init.d
/etc/modprobe.d
/etc/sysconfig
/etc/ssh
/etc/httpd
/etc/httpd/conf
/etc/profile.d
/etc/ha.d
/root
/root/.ssh
/boot
/boot/grub
/opt
/usr
/usr/bin/java
/usr/share/java
/usr/lib
/usr/lib/ocf
/usr/lib/ocf/resource.d
/usr/lib/ocf/resource.d/heartbeat
#/home
/home
#/var
/var
/var/crash
/var/empty/httpd
/var/spool
/var/spool/cron
/var/spool/cron/root
/var/spool/cron/aplusr
/var/spool/cron/fjtope
/usr/local/HULFT
/storage
/opt/oracle
/opt/oracle/product
/opt/oracle/product/12.1.0
/opt/oracle/product/12.1.0/client_1
/var/log/script
/crm
/crm/data
/opt/tomcat/logs
/var/log/tomcat8
/aws
/aws/ec2
/etc/httpd/ssl.key
/etc/httpd/ssl.crt
/etc/vsftpd/user_conf
/home/users
/var/adm
/var/work
/var/work/media
/usr/lib/systemd/system/ebtables.service
/usr/lib/systemd/system/wpa_supplicant.service
/usr/lib/systemd/system/auditd.service
/usr/share/snmp/vendors
/usr/share/snmp/vendors/cisco
