/etc/sysconfig/network,network
/etc/sysconfig/static-routes,static-routes
/etc/sysconfig/network-scripts/route-*,route/
/etc/sysconfig/network-scripts/route6-*,route6/
/etc/passwd,passwd
/etc/group,group
/etc/fstab,fstab
/etc/fstab.pcl,fstab.pcl
/etc/snmp/snmpd.conf,snmpd.conf
/etc/logrotate.conf,logrotate.conf
/etc/kdump.conf,kdump.conf
/etc/sysconfig/ntpd,ntpd
/etc/ntp.conf,ntp.conf
/etc/ssh/sshd_config,sshd_config
/etc/ssh/ssh_config,ssh_config
/etc/vsftpd/vsftpd.conf,vsftpd.conf
/etc/shells,shells
/etc/bashrc,etc_bashrc
/etc/profile,etc_profile
/etc/issue.net,issue.net
/etc/issue,issue
/boot/grub/grub.conf
/etc/rsyslog.conf,rsyslog.conf
/etc/sysctl.conf,sysctl.conf
/etc/hosts,hosts
/etc/ha.d/ha.cf
/etc/ha.d/authkeys,ha.d_authkeys
/etc/logd.cf,logd.cf
/var/lib/heartbeat/crm/cib.xml,cib.xml
/var/lib/heartbeat/hb_generation,hb_generation
/etc/httpd/conf/httpd.conf,httpd.conf
/usr/share/doc/device-mapper-multipath-0.4.9/multipath.conf,usr_share_multipath.conf
/etc/init.d/postgresql,init.d_postgresql
/var/lib/pgsql/data/postgresql.conf,var_lib_postgresql.conf
/usr/local/pgsql/data/postgresql.conf,usr_local_postgresql.conf
/root/.bashrc,root_.bashrc
/root/.bash_profile,root_bash_profile
/home/postgres/.bashrc,postgres_.bashrc
/home/postgres/.bash_profile,postgres_.bash_profile
/etc/yum.repos.d/CentOS-Media.repo,CentOS-Media.repo
/etc/selinux/config,selinux_config
/etc/anacrontab,anacrontab
/var/spool/cron/root,cron_root
/var/spool/cron/ixo,cron_ixo
/etc/yum.repos.d/rhel-source.repo,rhel-source.repo
/etc/crontab,crontab
/etc/security/limits.d/90-nproc.conf,90-nproc.conf
/etc/exports,exports
/etc/sysconfig/nfs,nfs
/etc/sysconfig/iptables,iptables
/etc/rc.d/rc.local,init.d_rc.local
/etc/redhat-release,redhat-release
/etc/multipath.conf,multipath.conf
/etc/multipath/bindings,multipath_bindings
/etc/multipath/wwids,multipath_wwids
/usr/local/jboss-eap-6.2/standalone/configuration/standalone.xml,standalone_standalone.xml
/etc/init.d/jboss-as-standalone.sh,standalone.xml
/etc/rc.d/init.d/jboss-as-web.conf,jboss-as-web.conf,
/etc/rc.d/init.d/jboss-as-apl.conf,jboss-as-apl.conf,
/var/log/jboss-as/console-apl.log,console-apl.log
/var/log/jboss-as/console-web.log,console-web.log
/var/log/jboss-as/console.log,console.log
/etc/profile.d/jboss.sh,jboss.sh
/etc/adjtime,adjtime
/etc/security/limits.conf,limits.conf
/etc/rc.d/init.d/postgresql-9.2,postgresql-9.2
/usr/lib/ocf/resource.d/heartbeat/soUpdate,RAsoUpdate
/usr/lib/ocf/resource.d/heartbeat/pgsql,RApgsql
/etc/sudoers,sudoers
/etc/logrotate.d/*,logrotate.d/
/etc/sysctl.d/*,sysctl.d/
/etc/sysconfig/network-scripts/ifcfg-*,ifcfg/
/etc/sysconfig/network-scripts/ifcfg-bond*,ifcfg/
/var/log/messages*,messages/
/var/adm/messages*,adm_messages/
/var/log/maillog*,maillog/
/var/log/cron*,cronlog/
/var/log/secure*,securelog/
/var/log/ha-log*,ha-log
/etc/udev/rules.d/65-persistent-disk.rules,65-persistent-disk.rules
/etc/udev/rules.d/60-raw.rules,60-raw.rule
/etc/udev/rules.d/61-raw.rules,61-raw.rule
/etc/rc.d/init.d/heartbeat,heartbeat_init
/etc/rsyncd.conf,rsyncd.conf
/etc/xinetd.d/rsync,xinetd_rsync
/etc/cron.d/sysstat,cron.d_sysstat
/etc/cron.d/0hourly,0hourly
/root/.ssh/id_rsa,root_id_rsa
/root/.ssh/id_rsa.pub,root_id_rsa.pub
/etc/cip.cf,cip.cf
/etc/cron.daily/tmpwatch,tmpwatch
/etc/modprobe.d/bonding.conf,bonding.conf
/etc/motd,motd
/home/oracle/.bash_profile,oracle_bash_profile
/home/oracle/.bashrc,oracle_bashrc
/etc/pam.d/remote,remote
/etc/vsftpd/ftpusers,ftpusers
/etc/xinetd.d/telnet,telnet
/etc/xinetd.conf,xinetd.conf
/etc/hosts.deny,hosts.deny
/etc/hosts.allow,hosts.allow
/etc/postfix/main.cf,main.cf
/etc/motd,motd
/etc/inittab,inittab
/etc/modprobe.d/lpfc.conf,lpfc.conf
/usr/local/HULFT/etc/hulenv.conf,hulenv.conf
/middle/hulft/etc/service.db,service.db
/opt/oracle/product/12.1.0/dbhome_1/network/admin/listener.ora,listener.ora
/opt/oracle/product/12.1.0/dbhome_1/network/admin/sqlnet.ora,sqlnet.ora
/opt/oracle/product/12.1.0/dbhome_1/network/admin/tnsnames.ora,tnsnames.ora
/com01/oracle/dbs/spfile.ora,spfile.ora
/etc/default/LifeKeeper,default_LifeKeeper
/etc/cron.daily/rhsmd,rhsmd
/etc/httpd/conf.d/proxy_ajp.conf,proxy_ajp.conf
/etc/httpd/conf.d/welcome.conf,welcome.conf
/opt/tomcat/conf/logging.properties,logging.properties
/opt/tomcat/conf/server.xml,server.xml
/opt/tomcat/conf/tomcat-users.xml,tomcat-users.xml
/opt/tomcat/conf/tomcat-users.xsd,tomcat-users.xsd
/opt/tomcat/conf/catalina.properties,catalina.properties
/opt/tomcat/conf/catalina.policy,catalina.policy
/opt/tomcat/conf/context.xml,context.xml
/opt/tomcat/conf/web.xml,web.xml
/opt/oracle/product/12.1.0/client_1/network/admin/tnsnames.ora,tnsnames.ora
/var/log/lifekeeper*,lifekeeper_log/
/var/log/tomcat8/*,tomcat8_log/
/etc/iproute2/rt_tables,rt_tables
/etc/dhcp/dhclient.conf,dhclient.conf
/etc/modprobe.d/disable_ipv6.conf,disable_ipv6.conf
/etc/init.d/vncserver,vncserver
/etc/sysconfig/vncservers,vncservers
/home/dev-user01/.vnc/passwd,vnc_passwd
/etc/zabbix/zabbix_agentd.conf,zabbix_agentd.conf
/etc/zabbix/zabbix_server.conf,zabbix_server.conf
/etc/watchdog.conf,watchdog.conf
/etc/cron.daily/mlocate.cron,mlocate.cron
/etc/cron.daily/cups,cups
/etc/cron.daily/makewhatis.cron,makewhatis.cron
/etc/sysconfig/raid-check,raid-check
/etc/sysconfig/i18n,i18n
/etc/init.d/tomcat8,tomcat8
/etc/nsswitch.conf,nsswitch.conf
/etc/hostname,hostname
/root/.rhosts,root_.rhosts
/usr/lib/systemd/system/zabbix-agent.service,zabbix-agent.service
/usr/lib/systemd/system/zabbix-server.service,zabbix-server.service
/usr/lib/systemd/system/crond.service,crond.service
/usr/lib/systemd/system/ntpd.service,ntpd.service
/usr/lib/systemd/system/httpd.service,httpd.service
/etc/ntp/step-tickers,step-tickers
/etc/vsftpd/chroot_list,chroot_list
/etc/yum.repos.d/rhel7dvd.repo,rhel7dvd.repo
/etc/php.ini,php.ini
/etc/my.cnf,my.cnf
/usr/share/zabbix/include/items.inc.php,items.inc.php
/etc/default/grub,grub
/etc/snmp/snmptrapd.conf,snmptrapd.conf
/etc/httpd/.htpasswd,htpasswd
/etc/udev/rules.d/70-persistent-net.rules,70-persistent-net.rules
/usr/local/bin/snmptrap.sh,usr_local_snmptrap.sh
/etc/udev/rules.d/70-my-net-names.rules,70-my-net-names.rules
/etc/ld.so.conf,ld.so.conf
/etc/sysconfig/sysstat,sysconfig_sysstat
/etc/sysconfig/kdump,sysconfig_kdump
/etc/httpd/ssl.key/server.key,server.key
/etc/httpd/ssl.key/server.csr,server.csr
/etc/httpd/ssl.crt/server.crt,server.crt
/etc/httpd/conf.d/ssl.conf,ssl.conf
/root/anaconda-ks.cfg,anaconda-ks.cfg
/var/log/anaconda/*,anaconda/
/var/log/fj_lsp/log/*,fj-lsp/
/usr/lib/systemd/system/firstboot-graphical.service,firstboot-graphical.service
/usr/lib/systemd/system/initial-setup-text.service,initial-setup-text.service
/usr/lib/systemd/system/initial-setup-graphical.service,initial-setup-graphical.service
/etc/rsyslog.d/ignore-systemd-session-slice.conf,ignore-systemd-session-slice.conf
/root/.my.cnf,root_my.cnf
/etc/snmp/snmp.conf,snmp.conf
